// Jest Snapshot v1, https://goo.gl/fbAQLP

exports[`should render EntryDashboardPage correctly 1`] = `
<div>
  <Connect(EntryListFilters) />
  <Connect(EntryList) />
</div>
`;
