// Jest Snapshot v1, https://goo.gl/fbAQLP

exports[`should render EntryListItem correctly 1`] = `
<Link
  className="list-entry"
  replace={false}
  to="/edit/1"
>
  <div>
    <h3
      className="list-entry__desc"
    >
      Gum
    </h3>
    <span
      className="list-item__date"
    >
      Dec 31st, 1969
    </span>
  </div>
  <h4
    className="list-item__tag"
  >
    task
  </h4>
</Link>
`;
